[info] welcome to sbt 1.11.7 (Homebrew Java 25.0.1)
[info] loading global plugins from /Users/finnkleckner/.sbt/1.0/plugins
[info] loading settings for project develop-build from plugins.sbt...
[info] loading project definition from /Users/finnkleckner/Desktop/Concordia/SOEN 6441/Projects/proj1/develop/project
[info] loading settings for project root from build.sbt...
[info]   __              __
[info]   \ \     ____   / /____ _ __  __
[info]    \ \   / __ \ / // __ `// / / /
[info]    / /  / /_/ // // /_/ // /_/ /
[info]   /_/  / .___//_/ \__,_/ \__, /
[info]       /_/               /____/
[info] 
[info] Version 3.0.9 running Java 25.0.1
[info] 
[info] Play is run entirely by the community. Please consider contributing and/or donating:
[info] https://www.playframework.com/sponsors
[info] 
[info] Instrumenting 20 classes to /Users/finnkleckner/Desktop/Concordia/SOEN 6441/Projects/proj1/develop/target/scala-2.13/jacoco/instrumented-classes
[error] java.io.IOException: Error while instrumenting SentimentTuple.class.
[error] 	at org.jacoco.core.instr.Instrumenter.instrumentError(Instrumenter.java:160)
[error] 	at org.jacoco.core.instr.Instrumenter.instrument(Instrumenter.java:110)
[error] 	at org.jacoco.core.instr.Instrumenter.instrument(Instrumenter.java:135)
[error] 	at com.github.sbt.jacoco.data.InstrumentationUtils$.$anonfun$instrumentClasses$9(InstrumentationUtils.scala:62)
[error] 	at com.github.sbt.jacoco.data.InstrumentationUtils$.$anonfun$instrumentClasses$9$adapted(InstrumentationUtils.scala:59)
[error] 	at resource.AbstractManagedResource.$anonfun$acquireFor$1(AbstractManagedResource.scala:88)
[error] 	at scala.util.control.Exception$Catch.$anonfun$either$1(Exception.scala:252)
[error] 	at scala.util.control.Exception$Catch.apply(Exception.scala:228)
[error] 	at scala.util.control.Exception$Catch.either(Exception.scala:252)
[error] 	at resource.AbstractManagedResource.acquireFor(AbstractManagedResource.scala:88)
[error] 	at resource.ManagedResourceOperations.apply(ManagedResourceOperations.scala:26)
[error] 	at resource.ManagedResourceOperations.apply$(ManagedResourceOperations.scala:26)
[error] 	at resource.AbstractManagedResource.apply(AbstractManagedResource.scala:50)
[error] 	at resource.ManagedResourceOperations.acquireAndGet(ManagedResourceOperations.scala:25)
[error] 	at resource.ManagedResourceOperations.acquireAndGet$(ManagedResourceOperations.scala:25)
[error] 	at resource.AbstractManagedResource.acquireAndGet(AbstractManagedResource.scala:50)
[error] 	at resource.ManagedResourceOperations.foreach(ManagedResourceOperations.scala:53)
[error] 	at resource.ManagedResourceOperations.foreach$(ManagedResourceOperations.scala:53)
[error] 	at resource.AbstractManagedResource.foreach(AbstractManagedResource.scala:50)
[error] 	at com.github.sbt.jacoco.data.InstrumentationUtils$.$anonfun$instrumentClasses$7(InstrumentationUtils.scala:59)
[error] 	at com.github.sbt.jacoco.data.InstrumentationUtils$.$anonfun$instrumentClasses$7$adapted(InstrumentationUtils.scala:58)
[error] 	at scala.collection.immutable.List.foreach(List.scala:431)
[error] 	at com.github.sbt.jacoco.data.InstrumentationUtils$.instrumentClasses(InstrumentationUtils.scala:58)
[error] 	at com.github.sbt.jacoco.BaseJacocoPlugin.$anonfun$taskValues$9(BaseJacocoPlugin.scala:114)
[error] 	at scala.Function1.$anonfun$compose$1(Function1.scala:49)
[error] 	at sbt.internal.util.$tilde$greater.$anonfun$$u2219$1(TypeFunctions.scala:63)
[error] 	at sbt.std.Transform$$anon$4.work(Transform.scala:69)
[error] 	at sbt.Execute.$anonfun$submit$2(Execute.scala:283)
[error] 	at sbt.internal.util.ErrorHandling$.wideConvert(ErrorHandling.scala:24)
[error] 	at sbt.Execute.work(Execute.scala:292)
[error] 	at sbt.Execute.$anonfun$submit$1(Execute.scala:283)
[error] 	at sbt.ConcurrentRestrictions$$anon$4.$anonfun$submitValid$1(ConcurrentRestrictions.scala:265)
[error] 	at sbt.CompletionService$$anon$2.call(CompletionService.scala:65)
[error] 	at java.base/java.util.concurrent.FutureTask.run(FutureTask.java:328)
[error] 	at java.base/java.util.concurrent.Executors$RunnableAdapter.call(Executors.java:545)
[error] 	at java.base/java.util.concurrent.FutureTask.run(FutureTask.java:328)
[error] 	at java.base/java.util.concurrent.ThreadPoolExecutor.runWorker(ThreadPoolExecutor.java:1090)
[error] 	at java.base/java.util.concurrent.ThreadPoolExecutor$Worker.run(ThreadPoolExecutor.java:614)
[error] 	at java.base/java.lang.Thread.run(Thread.java:1474)
[error] Caused by: java.lang.IllegalArgumentException: Unsupported class file major version 69
[error] 	at org.objectweb.asm.ClassReader.<init>(ClassReader.java:196)
[error] 	at org.objectweb.asm.ClassReader.<init>(ClassReader.java:177)
[error] 	at org.objectweb.asm.ClassReader.<init>(ClassReader.java:163)
[error] 	at org.jacoco.core.internal.instr.InstrSupport.classReaderFor(InstrSupport.java:280)
[error] 	at org.jacoco.core.instr.Instrumenter.instrument(Instrumenter.java:76)
[error] 	at org.jacoco.core.instr.Instrumenter.instrument(Instrumenter.java:108)
[error] 	at org.jacoco.core.instr.Instrumenter.instrument(Instrumenter.java:135)
[error] 	at com.github.sbt.jacoco.data.InstrumentationUtils$.$anonfun$instrumentClasses$9(InstrumentationUtils.scala:62)
[error] 	at com.github.sbt.jacoco.data.InstrumentationUtils$.$anonfun$instrumentClasses$9$adapted(InstrumentationUtils.scala:59)
[error] 	at resource.AbstractManagedResource.$anonfun$acquireFor$1(AbstractManagedResource.scala:88)
[error] 	at scala.util.control.Exception$Catch.$anonfun$either$1(Exception.scala:252)
[error] 	at scala.util.control.Exception$Catch.apply(Exception.scala:228)
[error] 	at scala.util.control.Exception$Catch.either(Exception.scala:252)
[error] 	at resource.AbstractManagedResource.acquireFor(AbstractManagedResource.scala:88)
[error] 	at resource.ManagedResourceOperations.apply(ManagedResourceOperations.scala:26)
[error] 	at resource.ManagedResourceOperations.apply$(ManagedResourceOperations.scala:26)
[error] 	at resource.AbstractManagedResource.apply(AbstractManagedResource.scala:50)
[error] 	at resource.ManagedResourceOperations.acquireAndGet(ManagedResourceOperations.scala:25)
[error] 	at resource.ManagedResourceOperations.acquireAndGet$(ManagedResourceOperations.scala:25)
[error] 	at resource.AbstractManagedResource.acquireAndGet(AbstractManagedResource.scala:50)
[error] 	at resource.ManagedResourceOperations.foreach(ManagedResourceOperations.scala:53)
[error] 	at resource.ManagedResourceOperations.foreach$(ManagedResourceOperations.scala:53)
[error] 	at resource.AbstractManagedResource.foreach(AbstractManagedResource.scala:50)
[error] 	at com.github.sbt.jacoco.data.InstrumentationUtils$.$anonfun$instrumentClasses$7(InstrumentationUtils.scala:59)
[error] 	at com.github.sbt.jacoco.data.InstrumentationUtils$.$anonfun$instrumentClasses$7$adapted(InstrumentationUtils.scala:58)
[error] 	at scala.collection.immutable.List.foreach(List.scala:431)
[error] 	at com.github.sbt.jacoco.data.InstrumentationUtils$.instrumentClasses(InstrumentationUtils.scala:58)
[error] 	at com.github.sbt.jacoco.BaseJacocoPlugin.$anonfun$taskValues$9(BaseJacocoPlugin.scala:114)
[error] 	at scala.Function1.$anonfun$compose$1(Function1.scala:49)
[error] 	at sbt.internal.util.$tilde$greater.$anonfun$$u2219$1(TypeFunctions.scala:63)
[error] 	at sbt.std.Transform$$anon$4.work(Transform.scala:69)
[error] 	at sbt.Execute.$anonfun$submit$2(Execute.scala:283)
[error] 	at sbt.internal.util.ErrorHandling$.wideConvert(ErrorHandling.scala:24)
[error] 	at sbt.Execute.work(Execute.scala:292)
[error] 	at sbt.Execute.$anonfun$submit$1(Execute.scala:283)
[error] 	at sbt.ConcurrentRestrictions$$anon$4.$anonfun$submitValid$1(ConcurrentRestrictions.scala:265)
[error] 	at sbt.CompletionService$$anon$2.call(CompletionService.scala:65)
[error] 	at java.base/java.util.concurrent.FutureTask.run(FutureTask.java:328)
[error] 	at java.base/java.util.concurrent.Executors$RunnableAdapter.call(Executors.java:545)
[error] 	at java.base/java.util.concurrent.FutureTask.run(FutureTask.java:328)
[error] 	at java.base/java.util.concurrent.ThreadPoolExecutor.runWorker(ThreadPoolExecutor.java:1090)
[error] 	at java.base/java.util.concurrent.ThreadPoolExecutor$Worker.run(ThreadPoolExecutor.java:614)
[error] 	at java.base/java.lang.Thread.run(Thread.java:1474)
[error] (Test / fullClasspath) java.io.IOException: Error while instrumenting SentimentTuple.class.
[error] Total time: 1 s, completed Nov 7, 2025, 1:59:04 PM
